{
  "seed": 42,
  "split_sizes": {
    "train": 398,
    "val": 85,
    "test": 86
  },
  "search_strategy": "grid",
  "cv_folds": 5,
  "scoring": "average_precision",
  "param_grid": {
    "model__C": [
      0.001,
      0.01,
      0.1,
      1.0,
      10.0,
      100.0
    ],
    "model__penalty": [
      "l1",
      "l2"
    ],
    "model__solver": [
      "liblinear"
    ]
  },
  "best_cv_score": 0.9962,
  "best_params": {
    "model__C": 0.01,
    "model__penalty": "l2",
    "model__solver": "liblinear"
  },
  "cv_train_val_gap_for_winner": -0.0004,
  "possible_cv_overfit": false,
  "test_set_confirmation": {
    "default_params": {
      "max_iter": 2000,
      "class_weight": "balanced",
      "random_state": 42
    },
    "tuned_params": {
      "max_iter": 2000,
      "class_weight": "balanced",
      "random_state": 42,
      "C": 0.01,
      "penalty": "l2",
      "solver": "liblinear"
    },
    "default_test_metrics": {
      "pr_auc": 0.9979,
      "roc_auc": 0.9965,
      "precision": 0.9815,
      "recall": 0.9815,
      "f1": 0.9815,
      "accuracy": 0.9767
    },
    "tuned_test_metrics": {
      "pr_auc": 0.9957,
      "roc_auc": 0.9925,
      "precision": 0.9455,
      "recall": 0.963,
      "f1": 0.9541,
      "accuracy": 0.9419
    },
    "primary_metric": "pr_auc",
    "test_set_gain": -0.0022,
    "gain_confirmed_on_test_set": false
  },
  "runtime_seconds": 0.72
}